DEBUG    asyncio:proactor_events.py:634 Using proactor: IocpProactor
DEBUG    asyncio:proactor_events.py:634 Using proactor: IocpProactor
DEBUG    asyncio:proactor_events.py:634 Using proactor: IocpProactor
DEBUG    httpcore.connection:_trace.py:87 connect_tcp.started host='127.0.0.1' port=8000 local_address=None timeout=5.0 socket_options=None
DEBUG    httpcore.connection:_trace.py:87 connect_tcp.complete return_value=<httpcore._backends.anyio.AnyIOStream object at 0x000001EFB518D8B0>
DEBUG    httpcore.http11:_trace.py:87 send_request_headers.started request=<Request [b'POST']>
DEBUG    httpcore.http11:_trace.py:87 send_request_headers.complete
DEBUG    httpcore.http11:_trace.py:87 send_request_body.started request=<Request [b'POST']>
DEBUG    httpcore.http11:_trace.py:87 send_request_body.complete
DEBUG    httpcore.http11:_trace.py:87 receive_response_headers.started request=<Request [b'POST']>
DEBUG    httpcore.http11:_trace.py:87 receive_response_headers.complete return_value=(b'HTTP/1.1', 200, b'OK', [(b'date', b'Mon, 16 Dec 2024 11:27:00 GMT'), (b'server', b'uvicorn'), (b'content-length', b'262'), (b'content-type', b'application/json')])
INFO     httpx:_client.py:1740 HTTP Request: POST http://127.0.0.1:8000/auth/token "HTTP/1.1 200 OK"
DEBUG    httpcore.http11:_trace.py:87 receive_response_body.started request=<Request [b'POST']>
DEBUG    httpcore.http11:_trace.py:87 receive_response_body.complete
DEBUG    httpcore.http11:_trace.py:87 response_closed.started
DEBUG    httpcore.http11:_trace.py:87 response_closed.complete
DEBUG    httpcore.connection:_trace.py:87 close.started
DEBUG    httpcore.connection:_trace.py:87 close.complete
DEBUG    asyncio:proactor_events.py:634 Using proactor: IocpProactor
DEBUG    asyncio:proactor_events.py:634 Using proactor: IocpProactor
DEBUG    httpcore.connection:_trace.py:87 connect_tcp.started host='127.0.0.1' port=8000 local_address=None timeout=5.0 socket_options=None
DEBUG    httpcore.connection:_trace.py:87 connect_tcp.complete return_value=<httpcore._backends.anyio.AnyIOStream object at 0x000001EFB51C3920>
DEBUG    httpcore.http11:_trace.py:87 send_request_headers.started request=<Request [b'POST']>
DEBUG    httpcore.http11:_trace.py:87 send_request_headers.complete
DEBUG    httpcore.http11:_trace.py:87 send_request_body.started request=<Request [b'POST']>
DEBUG    httpcore.http11:_trace.py:87 send_request_body.complete
DEBUG    httpcore.http11:_trace.py:87 receive_response_headers.started request=<Request [b'POST']>
DEBUG    httpcore.http11:_trace.py:87 receive_response_headers.complete return_value=(b'HTTP/1.1', 200, b'OK', [(b'date', b'Mon, 16 Dec 2024 11:27:01 GMT'), (b'server', b'uvicorn'), (b'content-length', b'262'), (b'content-type', b'application/json')])
INFO     httpx:_client.py:1740 HTTP Request: POST http://127.0.0.1:8000/auth/token "HTTP/1.1 200 OK"
DEBUG    httpcore.http11:_trace.py:87 receive_response_body.started request=<Request [b'POST']>
DEBUG    httpcore.http11:_trace.py:87 receive_response_body.complete
DEBUG    httpcore.http11:_trace.py:87 response_closed.started
DEBUG    httpcore.http11:_trace.py:87 response_closed.complete
DEBUG    httpcore.http11:_trace.py:87 send_request_headers.started request=<Request [b'POST']>
DEBUG    httpcore.http11:_trace.py:87 send_request_headers.complete
DEBUG    httpcore.http11:_trace.py:87 send_request_body.started request=<Request [b'POST']>
DEBUG    httpcore.http11:_trace.py:87 send_request_body.complete
DEBUG    httpcore.http11:_trace.py:87 receive_response_headers.started request=<Request [b'POST']>
DEBUG    httpcore.http11:_trace.py:87 receive_response_headers.complete return_value=(b'HTTP/1.1', 201, b'Created', [(b'date', b'Mon, 16 Dec 2024 11:27:01 GMT'), (b'server', b'uvicorn'), (b'content-length', b'284'), (b'content-type', b'application/json')])
INFO     httpx:_client.py:1740 HTTP Request: POST http://127.0.0.1:8000/articles/ "HTTP/1.1 201 Created"
DEBUG    httpcore.http11:_trace.py:87 receive_response_body.started request=<Request [b'POST']>
DEBUG    httpcore.http11:_trace.py:87 receive_response_body.complete
DEBUG    httpcore.http11:_trace.py:87 response_closed.started
DEBUG    httpcore.http11:_trace.py:87 response_closed.complete
DEBUG    httpcore.connection:_trace.py:87 close.started
DEBUG    httpcore.connection:_trace.py:87 close.complete
DEBUG    asyncio:proactor_events.py:634 Using proactor: IocpProactor
DEBUG    asyncio:proactor_events.py:634 Using proactor: IocpProactor
DEBUG    httpcore.connection:_trace.py:87 connect_tcp.started host='127.0.0.1' port=8000 local_address=None timeout=5.0 socket_options=None
DEBUG    httpcore.connection:_trace.py:87 connect_tcp.complete return_value=<httpcore._backends.anyio.AnyIOStream object at 0x000001EFB50B1370>
DEBUG    httpcore.http11:_trace.py:87 send_request_headers.started request=<Request [b'POST']>
DEBUG    httpcore.http11:_trace.py:87 send_request_headers.complete
DEBUG    httpcore.http11:_trace.py:87 send_request_body.started request=<Request [b'POST']>
DEBUG    httpcore.http11:_trace.py:87 send_request_body.complete
DEBUG    httpcore.http11:_trace.py:87 receive_response_headers.started request=<Request [b'POST']>
DEBUG    httpcore.http11:_trace.py:87 receive_response_headers.complete return_value=(b'HTTP/1.1', 200, b'OK', [(b'date', b'Mon, 16 Dec 2024 11:27:01 GMT'), (b'server', b'uvicorn'), (b'content-length', b'262'), (b'content-type', b'application/json')])
INFO     httpx:_client.py:1740 HTTP Request: POST http://127.0.0.1:8000/auth/token "HTTP/1.1 200 OK"
DEBUG    httpcore.http11:_trace.py:87 receive_response_body.started request=<Request [b'POST']>
DEBUG    httpcore.http11:_trace.py:87 receive_response_body.complete
DEBUG    httpcore.http11:_trace.py:87 response_closed.started
DEBUG    httpcore.http11:_trace.py:87 response_closed.complete
DEBUG    httpcore.http11:_trace.py:87 send_request_headers.started request=<Request [b'POST']>
DEBUG    httpcore.http11:_trace.py:87 send_request_headers.complete
DEBUG    httpcore.http11:_trace.py:87 send_request_body.started request=<Request [b'POST']>
DEBUG    httpcore.http11:_trace.py:87 send_request_body.complete
DEBUG    httpcore.http11:_trace.py:87 receive_response_headers.started request=<Request [b'POST']>
DEBUG    httpcore.http11:_trace.py:87 receive_response_headers.complete return_value=(b'HTTP/1.1', 201, b'Created', [(b'date', b'Mon, 16 Dec 2024 11:27:01 GMT'), (b'server', b'uvicorn'), (b'content-length', b'285'), (b'content-type', b'application/json')])
INFO     httpx:_client.py:1740 HTTP Request: POST http://127.0.0.1:8000/articles/ "HTTP/1.1 201 Created"
DEBUG    httpcore.http11:_trace.py:87 receive_response_body.started request=<Request [b'POST']>
DEBUG    httpcore.http11:_trace.py:87 receive_response_body.complete
DEBUG    httpcore.http11:_trace.py:87 response_closed.started
DEBUG    httpcore.http11:_trace.py:87 response_closed.complete
DEBUG    httpcore.http11:_trace.py:87 send_request_headers.started request=<Request [b'GET']>
DEBUG    httpcore.http11:_trace.py:87 send_request_headers.complete
DEBUG    httpcore.http11:_trace.py:87 send_request_body.started request=<Request [b'GET']>
DEBUG    httpcore.http11:_trace.py:87 send_request_body.complete
DEBUG    httpcore.http11:_trace.py:87 receive_response_headers.started request=<Request [b'GET']>
DEBUG    httpcore.http11:_trace.py:87 receive_response_headers.complete return_value=(b'HTTP/1.1', 200, b'OK', [(b'date', b'Mon, 16 Dec 2024 11:27:01 GMT'), (b'server', b'uvicorn'), (b'content-length', b'2018'), (b'content-type', b'application/json')])
INFO     httpx:_client.py:1740 HTTP Request: GET http://127.0.0.1:8000/articles/search/?query=Test+Article "HTTP/1.1 200 OK"
DEBUG    httpcore.http11:_trace.py:87 receive_response_body.started request=<Request [b'GET']>
DEBUG    httpcore.http11:_trace.py:87 receive_response_body.complete
DEBUG    httpcore.http11:_trace.py:87 response_closed.started
DEBUG    httpcore.http11:_trace.py:87 response_closed.complete
DEBUG    httpcore.connection:_trace.py:87 close.started
DEBUG    httpcore.connection:_trace.py:87 close.complete
DEBUG    asyncio:proactor_events.py:634 Using proactor: IocpProactor
